0 verbose cli /Users/leandrosimoes/.nvm/versions/node/v24.18.0/bin/node /Users/leandrosimoes/.nvm/versions/node/v24.18.0/bin/npm
1 info using npm@11.16.0
2 info using node@v24.18.0
3 silly config load:file:/Users/leandrosimoes/.nvm/versions/node/v24.18.0/lib/node_modules/npm/npmrc
4 silly config load:file:/Users/leandrosimoes/Work/personal/blog/astro/blog-lesimoes/.npmrc
5 silly config load:file:/Users/leandrosimoes/.npmrc
6 silly config load:file:/Users/leandrosimoes/Work/personal/blog/astro/blog-lesimoes/etc/npmrc
7 verbose title npm install tailwindcss @tailwindcss/vite daisyui
8 verbose argv "--cache" "blog-lesimoes/.npm-cache" "--prefix" "blog-lesimoes" "install" "tailwindcss" "@tailwindcss/vite" "daisyui"
9 verbose logfile logs-max:10 dir:/Users/leandrosimoes/Work/personal/blog/astro/blog-lesimoes/.npm-cache/_logs/2026-08-13T20_05_27_054Z-
10 verbose logfile /Users/leandrosimoes/Work/personal/blog/astro/blog-lesimoes/.npm-cache/_logs/2026-08-13T20_05_27_054Z-debug-0.log
11 silly logfile done cleaning log files
12 silly packumentCache heap:4496293888 maxSize:1124073472 maxEntrySize:562036736
13 verbose shrinkwrap failed to load node_modules/.package-lock.json out of date, updated: node_modules
14 silly idealTree buildDeps
15 silly fetch manifest tailwindcss@*
16 silly packumentCache full:https://registry.npmjs.org/tailwindcss cache-miss
17 http fetch GET 200 https://registry.npmjs.org/tailwindcss 3053ms (cache miss)
18 silly packumentCache full:https://registry.npmjs.org/tailwindcss set size:undefined disposed:false
19 silly fetch manifest @tailwindcss/vite@*
20 silly packumentCache full:https://registry.npmjs.org/@tailwindcss%2fvite cache-miss
21 http fetch GET 200 https://registry.npmjs.org/@tailwindcss%2fvite 1601ms (cache miss)
22 silly packumentCache full:https://registry.npmjs.org/@tailwindcss%2fvite set size:undefined disposed:false
23 silly fetch manifest vite@^5.2.0 || ^6 || ^7 || ^8
24 silly packumentCache full:https://registry.npmjs.org/vite cache-miss
25 http fetch GET 200 https://registry.npmjs.org/vite 3378ms (cache miss)
26 silly packumentCache full:https://registry.npmjs.org/vite set size:undefined disposed:false
27 silly fetch manifest @types/node@^20.19.0 || >=22.12.0
28 silly packumentCache full:https://registry.npmjs.org/@types%2fnode cache-miss
29 http fetch GET 200 https://registry.npmjs.org/@types%2fnode 626ms (cache miss)
30 silly packumentCache full:https://registry.npmjs.org/@types%2fnode set size:undefined disposed:false
31 silly fetch manifest @vitejs/devtools@^0.4.0
32 silly packumentCache full:https://registry.npmjs.org/@vitejs%2fdevtools cache-miss
33 http fetch GET 200 https://registry.npmjs.org/@vitejs%2fdevtools 58ms (cache miss)
34 silly packumentCache full:https://registry.npmjs.org/@vitejs%2fdevtools set size:undefined disposed:false
35 silly fetch manifest @vitejs/devtools-oxc@^0.4.12
36 silly packumentCache full:https://registry.npmjs.org/@vitejs%2fdevtools-oxc cache-miss
37 http fetch GET 200 https://registry.npmjs.org/@vitejs%2fdevtools-oxc 94ms (cache miss)
38 silly packumentCache full:https://registry.npmjs.org/@vitejs%2fdevtools-oxc set size:undefined disposed:false
39 silly fetch manifest @vitejs/devtools-rolldown@^0.4.12
40 silly packumentCache full:https://registry.npmjs.org/@vitejs%2fdevtools-rolldown cache-miss
41 http fetch GET 200 https://registry.npmjs.org/@vitejs%2fdevtools-rolldown 100ms (cache miss)
42 silly packumentCache full:https://registry.npmjs.org/@vitejs%2fdevtools-rolldown set size:undefined disposed:false
43 silly fetch manifest @vitejs/devtools-vite@^0.4.12
44 silly packumentCache full:https://registry.npmjs.org/@vitejs%2fdevtools-vite cache-miss
45 http fetch GET 200 https://registry.npmjs.org/@vitejs%2fdevtools-vite 51ms (cache miss)
46 silly packumentCache full:https://registry.npmjs.org/@vitejs%2fdevtools-vite set size:undefined disposed:false
47 silly fetch manifest @vitejs/devtools-vitest@^0.4.12
48 silly packumentCache full:https://registry.npmjs.org/@vitejs%2fdevtools-vitest cache-miss
49 http fetch GET 200 https://registry.npmjs.org/@vitejs%2fdevtools-vitest 168ms (cache miss)
50 silly packumentCache full:https://registry.npmjs.org/@vitejs%2fdevtools-vitest set size:undefined disposed:false
51 silly fetch manifest vitest@*
52 silly packumentCache full:https://registry.npmjs.org/vitest cache-miss
53 http fetch GET 200 https://registry.npmjs.org/vitest 144ms (cache miss)
54 silly packumentCache full:https://registry.npmjs.org/vitest set size:undefined disposed:false
55 silly fetch manifest @edge-runtime/vm@*
56 silly packumentCache full:https://registry.npmjs.org/@edge-runtime%2fvm cache-miss
57 http fetch GET 200 https://registry.npmjs.org/@edge-runtime%2fvm 368ms (cache miss)
58 silly packumentCache full:https://registry.npmjs.org/@edge-runtime%2fvm set size:undefined disposed:false
59 silly fetch manifest @opentelemetry/api@^1.9.0
60 silly packumentCache full:https://registry.npmjs.org/@opentelemetry%2fapi cache-miss
61 http fetch GET 200 https://registry.npmjs.org/@opentelemetry%2fapi 87ms (cache miss)
62 silly packumentCache full:https://registry.npmjs.org/@opentelemetry%2fapi set size:undefined disposed:false
63 silly fetch manifest @vitest/browser-playwright@4.1.10
64 silly packumentCache full:https://registry.npmjs.org/@vitest%2fbrowser-playwright cache-miss
65 http fetch GET 200 https://registry.npmjs.org/@vitest%2fbrowser-playwright 52ms (cache miss)
66 silly packumentCache full:https://registry.npmjs.org/@vitest%2fbrowser-playwright set size:undefined disposed:false
67 silly fetch manifest playwright@*
68 silly packumentCache full:https://registry.npmjs.org/playwright cache-miss
69 http fetch GET 200 https://registry.npmjs.org/playwright 2623ms (cache miss)
70 silly packumentCache full:https://registry.npmjs.org/playwright set size:undefined disposed:false
71 silly fetch manifest @vitest/browser-preview@4.1.10
72 silly packumentCache full:https://registry.npmjs.org/@vitest%2fbrowser-preview cache-miss
73 http fetch GET 200 https://registry.npmjs.org/@vitest%2fbrowser-preview 290ms (cache miss)
74 silly packumentCache full:https://registry.npmjs.org/@vitest%2fbrowser-preview set size:undefined disposed:false
75 silly fetch manifest @vitest/browser-webdriverio@4.1.10
76 silly packumentCache full:https://registry.npmjs.org/@vitest%2fbrowser-webdriverio cache-miss
77 http fetch GET 200 https://registry.npmjs.org/@vitest%2fbrowser-webdriverio 138ms (cache miss)
78 silly packumentCache full:https://registry.npmjs.org/@vitest%2fbrowser-webdriverio set size:undefined disposed:false
79 silly fetch manifest webdriverio@*
80 silly packumentCache full:https://registry.npmjs.org/webdriverio cache-miss
81 http fetch GET 200 https://registry.npmjs.org/webdriverio 579ms (cache miss)
82 silly packumentCache full:https://registry.npmjs.org/webdriverio set size:undefined disposed:false
83 silly fetch manifest puppeteer-core@>=22.x || <=24.x
84 silly packumentCache full:https://registry.npmjs.org/puppeteer-core cache-miss
85 http fetch GET 200 https://registry.npmjs.org/puppeteer-core 125ms (cache miss)
86 silly packumentCache full:https://registry.npmjs.org/puppeteer-core set size:undefined disposed:false
87 silly fetch manifest @vitest/coverage-istanbul@4.1.10
88 silly packumentCache full:https://registry.npmjs.org/@vitest%2fcoverage-istanbul cache-miss
89 http fetch GET 200 https://registry.npmjs.org/@vitest%2fcoverage-istanbul 696ms (cache miss)
90 silly packumentCache full:https://registry.npmjs.org/@vitest%2fcoverage-istanbul set size:undefined disposed:false
91 silly fetch manifest @vitest/coverage-v8@4.1.10
92 silly packumentCache full:https://registry.npmjs.org/@vitest%2fcoverage-v8 cache-miss
93 http fetch GET 200 https://registry.npmjs.org/@vitest%2fcoverage-v8 73ms (cache miss)
94 silly packumentCache full:https://registry.npmjs.org/@vitest%2fcoverage-v8 set size:undefined disposed:false
95 silly fetch manifest @vitest/browser@4.1.10
96 silly packumentCache full:https://registry.npmjs.org/@vitest%2fbrowser cache-miss
97 http fetch GET 200 https://registry.npmjs.org/@vitest%2fbrowser 100ms (cache miss)
98 silly packumentCache full:https://registry.npmjs.org/@vitest%2fbrowser set size:undefined disposed:false
99 silly fetch manifest @vitest/ui@4.1.10
100 silly packumentCache full:https://registry.npmjs.org/@vitest%2fui cache-miss
101 http fetch GET 200 https://registry.npmjs.org/@vitest%2fui 113ms (cache miss)
102 silly packumentCache full:https://registry.npmjs.org/@vitest%2fui set size:undefined disposed:false
103 silly fetch manifest happy-dom@*
104 silly packumentCache full:https://registry.npmjs.org/happy-dom cache-miss
105 http fetch GET 200 https://registry.npmjs.org/happy-dom 549ms (cache miss)
106 silly packumentCache full:https://registry.npmjs.org/happy-dom set size:undefined disposed:false
107 silly fetch manifest jsdom@*
108 silly packumentCache full:https://registry.npmjs.org/jsdom cache-miss
109 http fetch GET 200 https://registry.npmjs.org/jsdom 224ms (cache miss)
110 silly packumentCache full:https://registry.npmjs.org/jsdom set size:undefined disposed:false
111 silly fetch manifest canvas@^3.2.3
112 silly packumentCache full:https://registry.npmjs.org/canvas cache-miss
113 http fetch GET 200 https://registry.npmjs.org/canvas 81ms (cache miss)
114 silly packumentCache full:https://registry.npmjs.org/canvas set size:undefined disposed:false
115 silly fetch manifest esbuild@^0.27.0 || ^0.28.0
116 silly packumentCache full:https://registry.npmjs.org/esbuild cache-miss
117 http fetch GET 200 https://registry.npmjs.org/esbuild 197ms (cache miss)
118 silly packumentCache full:https://registry.npmjs.org/esbuild set size:undefined disposed:false
119 silly fetch manifest jiti@>=1.21.0
120 silly packumentCache full:https://registry.npmjs.org/jiti cache-miss
121 http fetch GET 200 https://registry.npmjs.org/jiti 458ms (cache miss)
122 silly packumentCache full:https://registry.npmjs.org/jiti set size:undefined disposed:false
123 silly fetch manifest less@^4.0.0
124 silly packumentCache full:https://registry.npmjs.org/less cache-miss
125 http fetch GET 200 https://registry.npmjs.org/less 63ms (cache miss)
126 silly packumentCache full:https://registry.npmjs.org/less set size:undefined disposed:false
127 silly fetch manifest sass@^1.70.0
128 silly packumentCache full:https://registry.npmjs.org/sass cache-miss
129 http fetch GET 200 https://registry.npmjs.org/sass 246ms (cache miss)
130 silly packumentCache full:https://registry.npmjs.org/sass set size:undefined disposed:false
131 silly fetch manifest sass-embedded@^1.70.0
132 silly packumentCache full:https://registry.npmjs.org/sass-embedded cache-miss
133 http fetch GET 200 https://registry.npmjs.org/sass-embedded 80ms (cache miss)
134 silly packumentCache full:https://registry.npmjs.org/sass-embedded set size:undefined disposed:false
135 silly fetch manifest stylus@>=0.54.8
136 silly packumentCache full:https://registry.npmjs.org/stylus cache-miss
137 http fetch GET 200 https://registry.npmjs.org/stylus 65ms (cache miss)
138 silly packumentCache full:https://registry.npmjs.org/stylus set size:undefined disposed:false
139 silly fetch manifest sugarss@^5.0.0
140 silly packumentCache full:https://registry.npmjs.org/sugarss cache-miss
141 http fetch GET 200 https://registry.npmjs.org/sugarss 40ms (cache miss)
142 silly packumentCache full:https://registry.npmjs.org/sugarss set size:undefined disposed:false
143 silly fetch manifest postcss@^8.3.3
144 silly packumentCache full:https://registry.npmjs.org/postcss cache-miss
145 http fetch GET 200 https://registry.npmjs.org/postcss 223ms (cache miss)
146 silly packumentCache full:https://registry.npmjs.org/postcss set size:undefined disposed:false
147 silly fetch manifest terser@^5.16.0
148 silly packumentCache full:https://registry.npmjs.org/terser cache-miss
149 http fetch GET 200 https://registry.npmjs.org/terser 226ms (cache miss)
150 silly packumentCache full:https://registry.npmjs.org/terser set size:undefined disposed:false
151 silly fetch manifest tsx@^4.8.1
152 silly packumentCache full:https://registry.npmjs.org/tsx cache-miss
153 http fetch GET 200 https://registry.npmjs.org/tsx 62ms (cache miss)
154 silly packumentCache full:https://registry.npmjs.org/tsx set size:undefined disposed:false
155 silly fetch manifest yaml@^2.4.2
156 silly packumentCache full:https://registry.npmjs.org/yaml cache-miss
157 http fetch GET 200 https://registry.npmjs.org/yaml 203ms (cache miss)
158 silly packumentCache full:https://registry.npmjs.org/yaml set size:undefined disposed:false
159 silly fetch manifest daisyui@*
160 silly packumentCache full:https://registry.npmjs.org/daisyui cache-miss
161 http fetch GET 200 https://registry.npmjs.org/daisyui 208ms (cache miss)
162 silly packumentCache full:https://registry.npmjs.org/daisyui set size:undefined disposed:false
163 silly placeDep ROOT @tailwindcss/vite@4.3.3 OK for: blog-lesimoes@0.0.1 want: *
164 silly placeDep ROOT daisyui@5.7.16 OK for: blog-lesimoes@0.0.1 want: *
165 silly placeDep ROOT tailwindcss@4.3.3 OK for: blog-lesimoes@0.0.1 want: *
166 silly fetch manifest tailwindcss@4.3.3
167 silly packumentCache full:https://registry.npmjs.org/tailwindcss cache-miss
168 silly fetch manifest @tailwindcss/node@4.3.3
169 silly packumentCache full:https://registry.npmjs.org/@tailwindcss%2fnode cache-miss
170 silly fetch manifest @tailwindcss/oxide@4.3.3
171 silly packumentCache full:https://registry.npmjs.org/@tailwindcss%2foxide cache-miss
172 http cache https://registry.npmjs.org/tailwindcss 31ms (cache hit)
173 silly packumentCache full:https://registry.npmjs.org/tailwindcss set size:10855053 disposed:false
174 http fetch GET 200 https://registry.npmjs.org/@tailwindcss%2foxide 587ms (cache miss)
175 silly packumentCache full:https://registry.npmjs.org/@tailwindcss%2foxide set size:undefined disposed:false
176 http fetch GET 200 https://registry.npmjs.org/@tailwindcss%2fnode 891ms (cache miss)
177 silly packumentCache full:https://registry.npmjs.org/@tailwindcss%2fnode set size:undefined disposed:false
178 silly placeDep ROOT @tailwindcss/node@4.3.3 OK for: @tailwindcss/vite@4.3.3 want: 4.3.3
179 silly placeDep ROOT @tailwindcss/oxide@4.3.3 OK for: @tailwindcss/vite@4.3.3 want: 4.3.3
180 silly fetch manifest jiti@^2.7.0
181 silly packumentCache full:https://registry.npmjs.org/jiti cache-miss
182 silly fetch manifest lightningcss@1.32.0
183 silly packumentCache full:https://registry.npmjs.org/lightningcss cache-miss
184 silly fetch manifest magic-string@^0.30.21
185 silly packumentCache full:https://registry.npmjs.org/magic-string cache-miss
186 silly fetch manifest enhanced-resolve@^5.24.1
187 silly packumentCache full:https://registry.npmjs.org/enhanced-resolve cache-miss
188 silly fetch manifest @tailwindcss/oxide-darwin-x64@4.3.3
189 silly packumentCache full:https://registry.npmjs.org/@tailwindcss%2foxide-darwin-x64 cache-miss
190 silly fetch manifest @tailwindcss/oxide-freebsd-x64@4.3.3
191 silly packumentCache full:https://registry.npmjs.org/@tailwindcss%2foxide-freebsd-x64 cache-miss
192 silly fetch manifest @tailwindcss/oxide-wasm32-wasi@4.3.3
193 silly packumentCache full:https://registry.npmjs.org/@tailwindcss%2foxide-wasm32-wasi cache-miss
194 http cache https://registry.npmjs.org/jiti 5ms (cache hit)
195 silly packumentCache full:https://registry.npmjs.org/jiti set size:387989 disposed:false
196 silly fetch manifest @tailwindcss/oxide-darwin-arm64@4.3.3
197 silly packumentCache full:https://registry.npmjs.org/@tailwindcss%2foxide-darwin-arm64 cache-miss
198 http fetch GET 200 https://registry.npmjs.org/lightningcss 48ms (cache miss)
199 silly packumentCache full:https://registry.npmjs.org/lightningcss set size:undefined disposed:false
200 silly fetch manifest @tailwindcss/oxide-android-arm64@4.3.3
201 silly packumentCache full:https://registry.npmjs.org/@tailwindcss%2foxide-android-arm64 cache-miss
202 http fetch GET 200 https://registry.npmjs.org/magic-string 60ms (cache miss)
203 silly packumentCache full:https://registry.npmjs.org/magic-string set size:undefined disposed:false
204 silly fetch manifest @tailwindcss/oxide-linux-x64-gnu@4.3.3
205 silly packumentCache full:https://registry.npmjs.org/@tailwindcss%2foxide-linux-x64-gnu cache-miss
206 http fetch GET 200 https://registry.npmjs.org/enhanced-resolve 170ms (cache miss)
207 silly packumentCache full:https://registry.npmjs.org/enhanced-resolve set size:undefined disposed:false
208 silly fetch manifest @tailwindcss/oxide-linux-x64-musl@4.3.3
209 silly packumentCache full:https://registry.npmjs.org/@tailwindcss%2foxide-linux-x64-musl cache-miss
210 http fetch GET 200 https://registry.npmjs.org/@tailwindcss%2foxide-android-arm64 214ms (cache miss)
211 silly packumentCache full:https://registry.npmjs.org/@tailwindcss%2foxide-android-arm64 set size:undefined disposed:false
212 silly fetch manifest @tailwindcss/oxide-win32-x64-msvc@4.3.3
213 silly packumentCache full:https://registry.npmjs.org/@tailwindcss%2foxide-win32-x64-msvc cache-miss
214 http fetch GET 200 https://registry.npmjs.org/@tailwindcss%2foxide-linux-x64-gnu 587ms (cache miss)
215 silly packumentCache full:https://registry.npmjs.org/@tailwindcss%2foxide-linux-x64-gnu set size:undefined disposed:false
216 silly fetch manifest @tailwindcss/oxide-linux-arm64-gnu@4.3.3
217 silly packumentCache full:https://registry.npmjs.org/@tailwindcss%2foxide-linux-arm64-gnu cache-miss
218 http fetch GET 200 https://registry.npmjs.org/@tailwindcss%2foxide-wasm32-wasi 684ms (cache miss)
219 silly packumentCache full:https://registry.npmjs.org/@tailwindcss%2foxide-wasm32-wasi set size:undefined disposed:false
220 silly fetch manifest @tailwindcss/oxide-linux-arm64-musl@4.3.3
221 silly packumentCache full:https://registry.npmjs.org/@tailwindcss%2foxide-linux-arm64-musl cache-miss
222 http fetch GET 200 https://registry.npmjs.org/@tailwindcss%2foxide-win32-x64-msvc 449ms (cache miss)
223 silly packumentCache full:https://registry.npmjs.org/@tailwindcss%2foxide-win32-x64-msvc set size:undefined disposed:false
224 silly fetch manifest @tailwindcss/oxide-win32-arm64-msvc@4.3.3
225 silly packumentCache full:https://registry.npmjs.org/@tailwindcss%2foxide-win32-arm64-msvc cache-miss
226 http fetch GET 200 https://registry.npmjs.org/@tailwindcss%2foxide-darwin-arm64 1017ms (cache miss)
227 silly packumentCache full:https://registry.npmjs.org/@tailwindcss%2foxide-darwin-arm64 set size:undefined disposed:false
228 silly fetch manifest @tailwindcss/oxide-linux-arm-gnueabihf@4.3.3
229 silly packumentCache full:https://registry.npmjs.org/@tailwindcss%2foxide-linux-arm-gnueabihf cache-miss
230 http fetch GET 200 https://registry.npmjs.org/@tailwindcss%2foxide-darwin-x64 1051ms (cache miss)
231 silly packumentCache full:https://registry.npmjs.org/@tailwindcss%2foxide-darwin-x64 set size:undefined disposed:false
232 http fetch GET 200 https://registry.npmjs.org/@tailwindcss%2foxide-freebsd-x64 1206ms (cache miss)
233 silly packumentCache full:https://registry.npmjs.org/@tailwindcss%2foxide-freebsd-x64 set size:undefined disposed:false
234 http fetch GET 200 https://registry.npmjs.org/@tailwindcss%2foxide-linux-x64-musl 1107ms (cache miss)
235 silly packumentCache full:https://registry.npmjs.org/@tailwindcss%2foxide-linux-x64-musl set size:undefined disposed:false
236 http fetch GET 200 https://registry.npmjs.org/@tailwindcss%2foxide-win32-arm64-msvc 972ms (cache miss)
237 silly packumentCache full:https://registry.npmjs.org/@tailwindcss%2foxide-win32-arm64-msvc set size:undefined disposed:false
238 http fetch GET 200 https://registry.npmjs.org/@tailwindcss%2foxide-linux-arm64-gnu 1048ms (cache miss)
239 silly packumentCache full:https://registry.npmjs.org/@tailwindcss%2foxide-linux-arm64-gnu set size:undefined disposed:false
240 http fetch GET 200 https://registry.npmjs.org/@tailwindcss%2foxide-linux-arm-gnueabihf 1071ms (cache miss)
241 silly packumentCache full:https://registry.npmjs.org/@tailwindcss%2foxide-linux-arm-gnueabihf set size:undefined disposed:false
242 http fetch GET 200 https://registry.npmjs.org/@tailwindcss%2foxide-linux-arm64-musl 1547ms (cache miss)
243 silly packumentCache full:https://registry.npmjs.org/@tailwindcss%2foxide-linux-arm64-musl set size:undefined disposed:false
244 silly placeDep ROOT enhanced-resolve@5.24.5 OK for: @tailwindcss/node@4.3.3 want: ^5.24.1
245 silly placeDep ROOT jiti@2.7.0 OK for: @tailwindcss/node@4.3.3 want: ^2.7.0
246 silly placeDep node_modules/@tailwindcss/node lightningcss@1.32.0 OK for: @tailwindcss/node@4.3.3 want: 1.32.0
247 silly placeDep node_modules/@tailwindcss/node magic-string@0.30.21 OK for: @tailwindcss/node@4.3.3 want: ^0.30.21
248 silly fetch manifest tapable@^2.3.3
249 silly packumentCache full:https://registry.npmjs.org/tapable cache-miss
250 silly fetch manifest graceful-fs@^4.2.4
251 silly packumentCache full:https://registry.npmjs.org/graceful-fs cache-miss
252 silly fetch manifest lightningcss-darwin-x64@1.32.0
253 silly packumentCache full:https://registry.npmjs.org/lightningcss-darwin-x64 cache-miss
254 silly fetch manifest lightningcss-freebsd-x64@1.32.0
255 silly packumentCache full:https://registry.npmjs.org/lightningcss-freebsd-x64 cache-miss
256 silly fetch manifest lightningcss-darwin-arm64@1.32.0
257 silly packumentCache full:https://registry.npmjs.org/lightningcss-darwin-arm64 cache-miss
258 silly fetch manifest lightningcss-android-arm64@1.32.0
259 silly packumentCache full:https://registry.npmjs.org/lightningcss-android-arm64 cache-miss
260 silly fetch manifest lightningcss-linux-x64-gnu@1.32.0
261 silly packumentCache full:https://registry.npmjs.org/lightningcss-linux-x64-gnu cache-miss
262 http fetch GET 200 https://registry.npmjs.org/lightningcss-android-arm64 42ms (cache miss)
263 silly packumentCache full:https://registry.npmjs.org/lightningcss-android-arm64 set size:undefined disposed:false
264 silly fetch manifest lightningcss-linux-x64-musl@1.32.0
265 silly packumentCache full:https://registry.npmjs.org/lightningcss-linux-x64-musl cache-miss
266 http fetch GET 200 https://registry.npmjs.org/tapable 46ms (cache miss)
267 silly packumentCache full:https://registry.npmjs.org/tapable set size:undefined disposed:false
268 silly fetch manifest lightningcss-win32-x64-msvc@1.32.0
269 silly packumentCache full:https://registry.npmjs.org/lightningcss-win32-x64-msvc cache-miss
270 http fetch GET 200 https://registry.npmjs.org/lightningcss-freebsd-x64 49ms (cache miss)
271 silly packumentCache full:https://registry.npmjs.org/lightningcss-freebsd-x64 set size:undefined disposed:false
272 silly fetch manifest lightningcss-linux-arm64-gnu@1.32.0
273 silly packumentCache full:https://registry.npmjs.org/lightningcss-linux-arm64-gnu cache-miss
274 http fetch GET 200 https://registry.npmjs.org/lightningcss-darwin-x64 51ms (cache miss)
275 silly packumentCache full:https://registry.npmjs.org/lightningcss-darwin-x64 set size:undefined disposed:false
276 silly fetch manifest lightningcss-linux-arm64-musl@1.32.0
277 silly packumentCache full:https://registry.npmjs.org/lightningcss-linux-arm64-musl cache-miss
278 http fetch GET 200 https://registry.npmjs.org/graceful-fs 76ms (cache miss)
279 silly packumentCache full:https://registry.npmjs.org/graceful-fs set size:undefined disposed:false
280 silly fetch manifest lightningcss-win32-arm64-msvc@1.32.0
281 silly packumentCache full:https://registry.npmjs.org/lightningcss-win32-arm64-msvc cache-miss
282 http fetch GET 200 https://registry.npmjs.org/lightningcss-linux-x64-gnu 78ms (cache miss)
283 silly packumentCache full:https://registry.npmjs.org/lightningcss-linux-x64-gnu set size:undefined disposed:false
284 silly fetch manifest lightningcss-linux-arm-gnueabihf@1.32.0
285 silly packumentCache full:https://registry.npmjs.org/lightningcss-linux-arm-gnueabihf cache-miss
286 http fetch GET 200 https://registry.npmjs.org/lightningcss-win32-x64-msvc 40ms (cache miss)
287 silly packumentCache full:https://registry.npmjs.org/lightningcss-win32-x64-msvc set size:undefined disposed:false
288 http fetch GET 200 https://registry.npmjs.org/lightningcss-win32-arm64-msvc 189ms (cache miss)
289 silly packumentCache full:https://registry.npmjs.org/lightningcss-win32-arm64-msvc set size:undefined disposed:false
290 http fetch GET 200 https://registry.npmjs.org/lightningcss-linux-x64-musl 244ms (cache miss)
291 silly packumentCache full:https://registry.npmjs.org/lightningcss-linux-x64-musl set size:undefined disposed:false
292 http fetch GET 200 https://registry.npmjs.org/lightningcss-darwin-arm64 387ms (cache miss)
293 silly packumentCache full:https://registry.npmjs.org/lightningcss-darwin-arm64 set size:undefined disposed:false
294 http fetch GET 200 https://registry.npmjs.org/lightningcss-linux-arm-gnueabihf 373ms (cache miss)
295 silly packumentCache full:https://registry.npmjs.org/lightningcss-linux-arm-gnueabihf set size:undefined disposed:false
296 http fetch GET 200 https://registry.npmjs.org/lightningcss-linux-arm64-musl 476ms (cache miss)
297 silly packumentCache full:https://registry.npmjs.org/lightningcss-linux-arm64-musl set size:undefined disposed:false
298 http fetch GET 200 https://registry.npmjs.org/lightningcss-linux-arm64-gnu 539ms (cache miss)
299 silly packumentCache full:https://registry.npmjs.org/lightningcss-linux-arm64-gnu set size:undefined disposed:false
300 silly placeDep ROOT @tailwindcss/oxide-android-arm64@4.3.3 OK for: @tailwindcss/oxide@4.3.3 want: 4.3.3
301 silly placeDep ROOT @tailwindcss/oxide-darwin-arm64@4.3.3 OK for: @tailwindcss/oxide@4.3.3 want: 4.3.3
302 silly placeDep ROOT @tailwindcss/oxide-darwin-x64@4.3.3 OK for: @tailwindcss/oxide@4.3.3 want: 4.3.3
303 silly placeDep ROOT @tailwindcss/oxide-freebsd-x64@4.3.3 OK for: @tailwindcss/oxide@4.3.3 want: 4.3.3
304 silly placeDep ROOT @tailwindcss/oxide-linux-arm-gnueabihf@4.3.3 OK for: @tailwindcss/oxide@4.3.3 want: 4.3.3
305 silly placeDep ROOT @tailwindcss/oxide-linux-arm64-gnu@4.3.3 OK for: @tailwindcss/oxide@4.3.3 want: 4.3.3
306 silly placeDep ROOT @tailwindcss/oxide-linux-arm64-musl@4.3.3 OK for: @tailwindcss/oxide@4.3.3 want: 4.3.3
307 silly placeDep ROOT @tailwindcss/oxide-linux-x64-gnu@4.3.3 OK for: @tailwindcss/oxide@4.3.3 want: 4.3.3
308 silly placeDep ROOT @tailwindcss/oxide-linux-x64-musl@4.3.3 OK for: @tailwindcss/oxide@4.3.3 want: 4.3.3
309 silly placeDep ROOT @tailwindcss/oxide-wasm32-wasi@4.3.3 OK for: @tailwindcss/oxide@4.3.3 want: 4.3.3
310 silly placeDep ROOT @tailwindcss/oxide-win32-arm64-msvc@4.3.3 OK for: @tailwindcss/oxide@4.3.3 want: 4.3.3
311 silly placeDep ROOT @tailwindcss/oxide-win32-x64-msvc@4.3.3 OK for: @tailwindcss/oxide@4.3.3 want: 4.3.3
312 silly placeDep ROOT graceful-fs@4.2.11 OK for: enhanced-resolve@5.24.5 want: ^4.2.4
313 silly placeDep ROOT tapable@2.3.3 OK for: enhanced-resolve@5.24.5 want: ^2.3.3
314 silly placeDep node_modules/@tailwindcss/node lightningcss-android-arm64@1.32.0 OK for: lightningcss@1.32.0 want: 1.32.0
315 silly placeDep node_modules/@tailwindcss/node lightningcss-darwin-arm64@1.32.0 OK for: lightningcss@1.32.0 want: 1.32.0
316 silly placeDep node_modules/@tailwindcss/node lightningcss-darwin-x64@1.32.0 OK for: lightningcss@1.32.0 want: 1.32.0
317 silly placeDep node_modules/@tailwindcss/node lightningcss-freebsd-x64@1.32.0 OK for: lightningcss@1.32.0 want: 1.32.0
318 silly placeDep node_modules/@tailwindcss/node lightningcss-linux-arm-gnueabihf@1.32.0 OK for: lightningcss@1.32.0 want: 1.32.0
319 silly placeDep node_modules/@tailwindcss/node lightningcss-linux-arm64-gnu@1.32.0 OK for: lightningcss@1.32.0 want: 1.32.0
320 silly placeDep node_modules/@tailwindcss/node lightningcss-linux-arm64-musl@1.32.0 OK for: lightningcss@1.32.0 want: 1.32.0
321 silly placeDep node_modules/@tailwindcss/node lightningcss-linux-x64-gnu@1.32.0 OK for: lightningcss@1.32.0 want: 1.32.0
322 silly placeDep node_modules/@tailwindcss/node lightningcss-linux-x64-musl@1.32.0 OK for: lightningcss@1.32.0 want: 1.32.0
323 silly placeDep node_modules/@tailwindcss/node lightningcss-win32-arm64-msvc@1.32.0 OK for: lightningcss@1.32.0 want: 1.32.0
324 silly placeDep node_modules/@tailwindcss/node lightningcss-win32-x64-msvc@1.32.0 OK for: lightningcss@1.32.0 want: 1.32.0
325 silly reify moves {}
326 silly audit bulk request {
326 silly audit   '@astrojs/compiler-binding': [ '0.3.2' ],
326 silly audit   '@astrojs/compiler-binding-darwin-arm64': [ '0.3.2' ],
326 silly audit   '@astrojs/compiler-binding-darwin-x64': [ '0.3.2' ],
326 silly audit   '@astrojs/compiler-binding-linux-arm64-gnu': [ '0.3.2' ],
326 silly audit   '@astrojs/compiler-binding-linux-arm64-musl': [ '0.3.2' ],
326 silly audit   '@astrojs/compiler-binding-linux-x64-gnu': [ '0.3.2' ],
326 silly audit   '@astrojs/compiler-binding-linux-x64-musl': [ '0.3.2' ],
326 silly audit   '@astrojs/compiler-binding-wasm32-wasi': [ '0.3.2' ],
326 silly audit   '@astrojs/compiler-binding-win32-arm64-msvc': [ '0.3.2' ],
326 silly audit   '@astrojs/compiler-binding-win32-x64-msvc': [ '0.3.2' ],
326 silly audit   '@astrojs/compiler-rs': [ '0.3.2' ],
326 silly audit   '@astrojs/internal-helpers': [ '0.10.2' ],
326 silly audit   '@astrojs/markdown-remark': [ '7.2.2' ],
326 silly audit   '@astrojs/markdown-satteri': [ '0.3.5' ],
326 silly audit   '@astrojs/mdx': [ '7.0.5' ],
326 silly audit   '@astrojs/prism': [ '4.0.2' ],
326 silly audit   '@astrojs/react': [ '6.0.2' ],
326 silly audit   '@astrojs/rss': [ '4.0.19' ],
326 silly audit   '@astrojs/sitemap': [ '3.7.3' ],
326 silly audit   '@astrojs/telemetry': [ '3.3.3' ],
326 silly audit   '@babel/code-frame': [ '7.29.7' ],
326 silly audit   '@babel/compat-data': [ '7.29.7' ],
326 silly audit   '@babel/core': [ '7.29.7' ],
326 silly audit   semver: [ '6.3.1', '7.8.5' ],
326 silly audit   '@babel/generator': [ '7.29.8' ],
326 silly audit   '@babel/helper-compilation-targets': [ '7.29.7' ],
326 silly audit   'lru-cache': [ '5.1.1', '11.5.2' ],
326 silly audit   '@babel/helper-globals': [ '7.29.7' ],
326 silly audit   '@babel/helper-module-imports': [ '7.29.7' ],
326 silly audit   '@babel/helper-module-transforms': [ '7.29.7' ],
326 silly audit   '@babel/helper-plugin-utils': [ '7.29.7' ],
326 silly audit   '@babel/helper-string-parser': [ '7.29.7' ],
326 silly audit   '@babel/helper-validator-identifier': [ '7.29.7' ],
326 silly audit   '@babel/helper-validator-option': [ '7.29.7' ],
326 silly audit   '@babel/helpers': [ '7.29.7' ],
326 silly audit   '@babel/parser': [ '7.29.8' ],
326 silly audit   '@babel/plugin-transform-react-jsx-self': [ '7.29.7' ],
326 silly audit   '@babel/plugin-transform-react-jsx-source': [ '7.29.7' ],
326 silly audit   '@babel/template': [ '7.29.7' ],
326 silly audit   '@babel/traverse': [ '7.29.8' ],
326 silly audit   '@babel/types': [ '7.29.8' ],
326 silly audit   '@bruits/satteri-darwin-arm64': [ '0.9.5' ],
326 silly audit   '@bruits/satteri-darwin-x64': [ '0.9.5' ],
326 silly audit   '@bruits/satteri-linux-arm64-gnu': [ '0.9.5' ],
326 silly audit   '@bruits/satteri-linux-arm64-musl': [ '0.9.5' ],
326 silly audit   '@bruits/satteri-linux-x64-gnu': [ '0.9.5' ],
326 silly audit   '@bruits/satteri-linux-x64-musl': [ '0.9.5' ],
326 silly audit   '@bruits/satteri-wasm32-wasi': [ '0.9.5' ],
326 silly audit   '@emnapi/core': [ '1.11.1', '1.11.3' ],
326 silly audit   '@emnapi/runtime': [ '1.11.1', '1.11.3' ],
326 silly audit   '@emnapi/wasi-threads': [ '1.2.2', '1.2.3' ],
326 silly audit   '@bruits/satteri-win32-arm64-msvc': [ '0.9.5' ],
326 silly audit   '@bruits/satteri-win32-x64-msvc': [ '0.9.5' ],
326 silly audit   '@capsizecss/unpack': [ '4.0.1' ],
326 silly audit   '@clack/core': [ '1.4.3' ],
326 silly audit   '@clack/prompts': [ '1.7.0' ],
326 silly audit   '@esbuild/aix-ppc64': [ '0.28.2' ],
326 silly audit   '@esbuild/android-arm': [ '0.28.2' ],
326 silly audit   '@esbuild/android-arm64': [ '0.28.2' ],
326 silly audit   '@esbuild/android-x64': [ '0.28.2' ],
326 silly audit   '@esbuild/darwin-arm64': [ '0.28.2' ],
326 silly audit   '@esbuild/darwin-x64': [ '0.28.2' ],
326 silly audit   '@esbuild/freebsd-arm64': [ '0.28.2' ],
326 silly audit   '@esbuild/freebsd-x64': [ '0.28.2' ],
326 silly audit   '@esbuild/linux-arm': [ '0.28.2' ],
326 silly audit   '@esbuild/linux-arm64': [ '0.28.2' ],
326 silly audit   '@esbuild/linux-ia32': [ '0.28.2' ],
326 silly audit   '@esbuild/linux-loong64': [ '0.28.2' ],
326 silly audit   '@esbuild/linux-mips64el': [ '0.28.2' ],
326 silly audit   '@esbuild/linux-ppc64': [ '0.28.2' ],
326 silly audit   '@esbuild/linux-riscv64': [ '0.28.2' ],
326 silly audit   '@esbuild/linux-s390x': [ '0.28.2' ],
326 silly audit   '@esbuild/linux-x64': [ '0.28.2' ],
326 silly audit   '@esbuild/netbsd-arm64': [ '0.28.2' ],
326 silly audit   '@esbuild/netbsd-x64': [ '0.28.2' ],
326 silly audit   '@esbuild/openbsd-arm64': [ '0.28.2' ],
326 silly audit   '@esbuild/openbsd-x64': [ '0.28.2' ],
326 silly audit   '@esbuild/openharmony-arm64': [ '0.28.2' ],
326 silly audit   '@esbuild/sunos-x64': [ '0.28.2' ],
326 silly audit   '@esbuild/win32-arm64': [ '0.28.2' ],
326 silly audit   '@esbuild/win32-ia32': [ '0.28.2' ],
326 silly audit   '@esbuild/win32-x64': [ '0.28.2' ],
326 silly audit   '@img/colour': [ '1.1.0' ],
326 silly audit   '@img/sharp-darwin-arm64': [ '0.35.3' ],
326 silly audit   '@img/sharp-darwin-x64': [ '0.35.3' ],
326 silly audit   '@img/sharp-freebsd-wasm32': [ '0.35.3' ],
326 silly audit   '@img/sharp-libvips-darwin-arm64': [ '1.3.2' ],
326 silly audit   '@img/sharp-libvips-darwin-x64': [ '1.3.2' ],
326 silly audit   '@img/sharp-libvips-linux-arm': [ '1.3.2' ],
326 silly audit   '@img/sharp-libvips-linux-arm64': [ '1.3.2' ],
326 silly audit   '@img/sharp-libvips-linux-ppc64': [ '1.3.2' ],
326 silly audit   '@img/sharp-libvips-linux-riscv64': [ '1.3.2' ],
326 silly audit   '@img/sharp-libvips-linux-s390x': [ '1.3.2' ],
326 silly audit   '@img/sharp-libvips-linux-x64': [ '1.3.2' ],
326 silly audit   '@img/sharp-libvips-linuxmusl-arm64': [ '1.3.2' ],
326 silly audit   '@img/sharp-libvips-linuxmusl-x64': [ '1.3.2' ],
326 silly audit   '@img/sharp-linux-arm': [ '0.35.3' ],
326 silly audit   '@img/sharp-linux-arm64': [ '0.35.3' ],
326 silly audit   '@img/sharp-linux-ppc64': [ '0.35.3' ],
326 silly audit   '@img/sharp-linux-riscv64': [ '0.35.3' ],
326 silly audit   '@img/sharp-linux-s390x': [ '0.35.3' ],
326 silly audit   '@img/sharp-linux-x64': [ '0.35.3' ],
326 silly audit   '@img/sharp-linuxmusl-arm64': [ '0.35.3' ],
326 silly audit   '@img/sharp-linuxmusl-x64': [ '0.35.3' ],
326 silly audit   '@img/sharp-wasm32': [ '0.35.3' ],
326 silly audit   '@img/sharp-webcontainers-wasm32': [ '0.35.3' ],
326 silly audit   '@img/sharp-win32-arm64': [ '0.35.3' ],
326 silly audit   '@img/sharp-win32-ia32': [ '0.35.3' ],
326 silly audit   '@img/sharp-win32-x64': [ '0.35.3' ],
326 silly audit   '@jridgewell/gen-mapping': [ '0.3.13' ],
326 silly audit   '@jridgewell/remapping': [ '2.3.5' ],
326 silly audit   '@jridgewell/resolve-uri': [ '3.1.2' ],
326 silly audit   '@jridgewell/sourcemap-codec': [ '1.5.5' ],
326 silly audit   '@jridgewell/trace-mapping': [ '0.3.31' ],
326 silly audit   '@mdx-js/mdx': [ '3.1.1' ],
326 silly audit   '@napi-rs/wasm-runtime': [ '1.2.3' ],
326 silly audit   '@nodable/entities': [ '3.0.0' ],
326 silly audit   '@oslojs/encoding': [ '1.1.0' ],
326 silly audit   '@oxc-project/types': [ '0.144.0' ],
326 silly audit   '@rolldown/binding-android-arm64': [ '1.2.4' ],
326 silly audit   '@rolldown/binding-darwin-arm64': [ '1.2.4' ],
326 silly audit   '@rolldown/binding-darwin-x64': [ '1.2.4' ],
326 silly audit   '@rolldown/binding-freebsd-x64': [ '1.2.4' ],
326 silly audit   '@rolldown/binding-linux-arm-gnueabihf': [ '1.2.4' ],
326 silly audit   '@rolldown/binding-linux-arm64-gnu': [ '1.2.4' ],
326 silly audit   '@rolldown/binding-linux-arm64-musl': [ '1.2.4' ],
326 silly audit   '@rolldown/binding-linux-ppc64-gnu': [ '1.2.4' ],
326 silly audit   '@rolldown/binding-linux-s390x-gnu': [ '1.2.4' ],
326 silly audit   '@rolldown/binding-linux-x64-gnu': [ '1.2.4' ],
326 silly audit   '@rolldown/binding-linux-x64-musl': [ '1.2.4' ],
326 silly audit   '@rolldown/binding-openharmony-arm64': [ '1.2.4' ],
326 silly audit   '@rolldown/binding-win32-arm64-msvc': [ '1.2.4' ],
326 silly audit   '@rolldown/binding-win32-x64-msvc': [ '1.2.4' ],
326 silly audit   '@rolldown/pluginutils': [ '1.0.1', '1.0.0-rc.3' ],
326 silly audit   '@shikijs/core': [ '4.4.3' ],
326 silly audit   '@shikijs/engine-javascript': [ '4.4.3' ],
326 silly audit   '@shikijs/engine-oniguruma': [ '4.4.3' ],
326 silly audit   '@shikijs/langs': [ '4.4.3' ],
326 silly audit   '@shikijs/primitive': [ '4.4.3' ],
326 silly audit   '@shikijs/themes': [ '4.4.3' ],
326 silly audit   '@shikijs/types': [ '4.4.3' ],
326 silly audit   '@shikijs/vscode-textmate': [ '10.0.2' ],
326 silly audit   '@tybys/wasm-util': [ '0.10.3' ],
326 silly audit   '@types/babel__core': [ '7.20.5' ],
326 silly audit   '@types/babel__generator': [ '7.27.0' ],
326 silly audit   '@types/babel__template': [ '7.4.4' ],
326 silly audit   '@types/babel__traverse': [ '7.28.0' ],
326 silly audit   '@types/debug': [ '4.1.13' ],
326 silly audit   '@types/estree': [ '1.0.9' ],
326 silly audit   '@types/estree-jsx': [ '1.0.5' ],
326 silly audit   '@types/hast': [ '3.0.5' ],
326 silly audit   '@types/mdast': [ '4.0.4' ],
326 silly audit   '@types/mdx': [ '2.0.14' ],
326 silly audit   '@types/ms': [ '2.1.0' ],
326 silly audit   '@types/nlcst': [ '2.0.3' ],
326 silly audit   '@types/node': [ '24.13.3' ],
326 silly audit   '@types/react': [ '19.2.18' ],
326 silly audit   '@types/react-dom': [ '19.2.4' ],
326 silly audit   '@types/sax': [ '1.2.7' ],
326 silly audit   '@types/unist': [ '3.0.3', '2.0.11' ],
326 silly audit   '@ungap/structured-clone': [ '1.3.3' ],
326 silly audit   '@vitejs/plugin-react': [ '5.2.0' ],
326 silly audit   acorn: [ '8.18.0' ],
326 silly audit   'acorn-jsx': [ '5.3.2' ],
326 silly audit   'am-i-vibing': [ '0.4.0' ],
326 silly audit   anymatch: [ '3.1.3' ],
326 silly audit   picomatch: [ '2.3.2', '4.0.5' ],
326 silly audit   anynum: [ '1.0.1' ],
326 silly audit   arg: [ '5.0.2' ],
326 silly audit   argparse: [ '2.0.1' ],
326 silly audit   'aria-query': [ '5.3.2' ],
326 silly audit   'array-iterate': [ '2.0.1' ],
326 silly audit   astring: [ '1.9.0' ],
326 silly audit   astro: [ '7.2.1' ],
326 silly audit   'axobject-query': [ '4.1.0' ],
326 silly audit   bail: [ '2.0.2' ],
326 silly audit   'baseline-browser-mapping': [ '2.11.14' ],
326 silly audit   boolbase: [ '1.0.0' ],
326 silly audit   browserslist: [ '4.28.8' ],
326 silly audit   'caniuse-lite': [ '1.0.30001809' ],
326 silly audit   ccount: [ '2.0.1' ],
326 silly audit   'character-entities': [ '2.0.2' ],
326 silly audit   'character-entities-html4': [ '2.1.0' ],
326 silly audit   'character-entities-legacy': [ '3.0.0' ],
326 silly audit   'character-reference-invalid': [ '2.0.1' ],
326 silly audit   chokidar: [ '5.0.0' ],
326 silly audit   'ci-info': [ '4.4.0' ],
326 silly audit   clsx: [ '2.1.1' ],
326 silly audit   'collapse-white-space': [ '2.1.0' ],
326 silly audit   'comma-separated-tokens': [ '2.0.3' ],
326 silly audit   commander: [ '11.1.0' ],
326 silly audit   'common-ancestor-path': [ '2.0.0' ],
326 silly audit   'convert-source-map': [ '2.0.0' ],
326 silly audit   cookie: [ '2.0.1' ],
326 silly audit   'cookie-es': [ '1.2.3' ],
326 silly audit   crossws: [ '0.3.5' ],
326 silly audit   'css-select': [ '5.2.2' ],
326 silly audit   'css-tree': [ '3.2.1', '2.2.1' ],
326 silly audit   'css-what': [ '6.2.2' ],
326 silly audit   csso: [ '5.0.5' ],
326 silly audit   'mdn-data': [ '2.0.28', '2.27.1' ],
326 silly audit   csstype: [ '3.2.3' ],
326 silly audit   debug: [ '4.4.3' ],
326 silly audit   'decode-named-character-reference': [ '1.3.0' ],
326 silly audit   defu: [ '6.1.7' ],
326 silly audit   dequal: [ '2.0.3' ],
326 silly audit   destr: [ '2.0.5' ],
326 silly audit   'detect-libc': [ '2.1.2' ],
326 silly audit   devalue: [ '5.9.0' ],
326 silly audit   devlop: [ '1.1.0' ],
326 silly audit   diff: [ '8.0.4' ],
326 silly audit   'dom-serializer': [ '2.0.0' ],
326 silly audit   entities: [ '4.5.0', '6.0.1' ],
326 silly audit   domelementtype: [ '2.3.0' ],
326 silly audit   domhandler: [ '5.0.3' ],
326 silly audit   domutils: [ '3.2.2' ],
326 silly audit   dset: [ '3.1.4' ],
326 silly audit   'electron-to-chromium': [ '1.5.405' ],
326 silly audit   'es-module-lexer': [ '2.3.1' ],
326 silly audit   'esast-util-from-estree': [ '2.0.0' ],
326 silly audit   'esast-util-from-js': [ '2.0.1' ],
326 silly audit   esbuild: [ '0.28.2' ],
326 silly audit   escalade: [ '3.2.0' ],
326 silly audit   'escape-string-regexp': [ '5.0.0' ],
326 silly audit   'estree-util-attach-comments': [ '3.0.0' ],
326 silly audit   'estree-util-build-jsx': [ '3.0.1' ],
326 silly audit   'estree-util-is-identifier-name': [ '3.0.0' ],
326 silly audit   'estree-util-scope': [ '1.0.0' ],
326 silly audit   'estree-util-to-js': [ '2.0.0' ],
326 silly audit   'estree-util-visit': [ '2.0.0' ],
326 silly audit   'estree-walker': [ '3.0.3' ],
326 silly audit   eventemitter3: [ '5.0.4' ],
326 silly audit   extend: [ '3.0.2' ],
326 silly audit   'fast-string-truncated-width': [ '3.0.3' ],
326 silly audit   'fast-string-width': [ '3.0.2' ],
326 silly audit   'fast-wrap-ansi': [ '0.2.2' ],
326 silly audit   'fast-xml-builder': [ '1.3.0' ],
326 silly audit   'fast-xml-parser': [ '5.10.1' ],
326 silly audit   fdir: [ '6.5.0' ],
326 silly audit   flattie: [ '1.1.1' ],
326 silly audit   fontace: [ '0.4.1' ],
326 silly audit   fontkitten: [ '1.0.3' ],
326 silly audit   fsevents: [ '2.3.3' ],
326 silly audit   gensync: [ '1.0.0-beta.2' ],
326 silly audit   'get-tsconfig': [ '5.0.0-beta.4' ],
326 silly audit   'github-slugger': [ '2.0.0' ],
326 silly audit   h3: [ '1.15.11' ],
326 silly audit   'hast-util-from-html': [ '2.0.3' ],
326 silly audit   'hast-util-from-parse5': [ '8.0.3' ],
326 silly audit   'hast-util-is-element': [ '3.0.0' ],
326 silly audit   'hast-util-parse-selector': [ '4.0.0' ],
326 silly audit   'hast-util-raw': [ '9.1.0' ],
326 silly audit   'hast-util-to-estree': [ '3.1.3' ],
326 silly audit   'hast-util-to-html': [ '9.0.5' ],
326 silly audit   'hast-util-to-jsx-runtime': [ '2.3.6' ],
326 silly audit   'hast-util-to-parse5': [ '8.0.1' ],
326 silly audit   'hast-util-to-text': [ '4.0.2' ],
326 silly audit   'hast-util-whitespace': [ '3.0.0' ],
326 silly audit   hastscript: [ '9.0.1' ],
326 silly audit   'html-escaper': [ '3.0.3' ],
326 silly audit   'html-void-elements': [ '3.0.0' ],
326 silly audit   'http-cache-semantics': [ '4.2.0' ],
326 silly audit   'inline-style-parser': [ '0.2.7' ],
326 silly audit   'iron-webcrypto': [ '1.2.1' ],
326 silly audit   'is-alphabetical': [ '2.0.1' ],
326 silly audit   'is-alphanumerical': [ '2.0.1' ],
326 silly audit   'is-decimal': [ '2.0.1' ],
326 silly audit   'is-docker': [ '4.0.0' ],
326 silly audit   'is-hexadecimal': [ '2.0.1' ],
326 silly audit   'is-plain-obj': [ '4.1.0' ],
326 silly audit   'is-unsafe': [ '2.0.0' ],
326 silly audit   'js-tokens': [ '4.0.0' ],
326 silly audit   'js-yaml': [ '4.3.1' ],
326 silly audit   jsesc: [ '3.1.0' ],
326 silly audit   json5: [ '2.2.3' ],
326 silly audit   'jsonc-parser': [ '3.3.1' ],
326 silly audit   lightningcss: [ '1.33.0', '1.32.0' ],
326 silly audit   'lightningcss-android-arm64': [ '1.33.0', '1.32.0' ],
326 silly audit   'lightningcss-darwin-arm64': [ '1.33.0', '1.32.0' ],
326 silly audit   'lightningcss-darwin-x64': [ '1.33.0', '1.32.0' ],
326 silly audit   'lightningcss-freebsd-x64': [ '1.33.0', '1.32.0' ],
326 silly audit   'lightningcss-linux-arm-gnueabihf': [ '1.33.0', '1.32.0' ],
326 silly audit   'lightningcss-linux-arm64-gnu': [ '1.33.0', '1.32.0' ],
326 silly audit   'lightningcss-linux-arm64-musl': [ '1.33.0', '1.32.0' ],
326 silly audit   'lightningcss-linux-x64-gnu': [ '1.33.0', '1.32.0' ],
326 silly audit   'lightningcss-linux-x64-musl': [ '1.33.0', '1.32.0' ],
326 silly audit   'lightningcss-win32-arm64-msvc': [ '1.33.0', '1.32.0' ],
326 silly audit   'lightningcss-win32-x64-msvc': [ '1.33.0', '1.32.0' ],
326 silly audit   'longest-streak': [ '3.1.0' ],
326 silly audit   'magic-string': [ '1.2.0', '0.30.21' ],
326 silly audit   magicast: [ '0.5.4' ],
326 silly audit   'markdown-extensions': [ '2.0.0' ],
326 silly audit   'markdown-table': [ '3.0.4' ],
326 silly audit   'mdast-util-definitions': [ '6.0.0' ],
326 silly audit   'mdast-util-find-and-replace': [ '3.0.2' ],
326 silly audit   'mdast-util-from-markdown': [ '2.0.3' ],
326 silly audit   'mdast-util-gfm': [ '3.1.0' ],
326 silly audit   'mdast-util-gfm-autolink-literal': [ '2.0.1' ],
326 silly audit   'mdast-util-gfm-footnote': [ '2.1.0' ],
326 silly audit   'mdast-util-gfm-strikethrough': [ '2.0.0' ],
326 silly audit   'mdast-util-gfm-table': [ '2.0.0' ],
326 silly audit   'mdast-util-gfm-task-list-item': [ '2.0.0' ],
326 silly audit   'mdast-util-mdx': [ '3.0.0' ],
326 silly audit   'mdast-util-mdx-expression': [ '2.0.1' ],
326 silly audit   'mdast-util-mdx-jsx': [ '3.2.0' ],
326 silly audit   'mdast-util-mdxjs-esm': [ '2.0.1' ],
326 silly audit   'mdast-util-phrasing': [ '4.1.0' ],
326 silly audit   'mdast-util-to-hast': [ '13.2.1' ],
326 silly audit   'mdast-util-to-markdown': [ '2.1.2' ],
326 silly audit   'mdast-util-to-string': [ '4.0.0' ],
326 silly audit   micromark: [ '4.0.2' ],
326 silly audit   'micromark-core-commonmark': [ '2.0.3' ],
326 silly audit   'micromark-extension-gfm': [ '3.0.0' ],
326 silly audit   'micromark-extension-gfm-autolink-literal': [ '2.1.0' ],
326 silly audit   'micromark-extension-gfm-footnote': [ '2.1.0' ],
326 silly audit   'micromark-extension-gfm-strikethrough': [ '2.1.0' ],
326 silly audit   'micromark-extension-gfm-table': [ '2.1.1' ],
326 silly audit   'micromark-extension-gfm-tagfilter': [ '2.0.0' ],
326 silly audit   'micromark-extension-gfm-task-list-item': [ '2.1.0' ],
326 silly audit   'micromark-extension-mdx-expression': [ '3.0.1' ],
326 silly audit   'micromark-extension-mdx-jsx': [ '3.0.2' ],
326 silly audit   'micromark-extension-mdx-md': [ '2.0.0' ],
326 silly audit   'micromark-extension-mdxjs': [ '3.0.0' ],
326 silly audit   'micromark-extension-mdxjs-esm': [ '3.0.0' ],
326 silly audit   'micromark-factory-destination': [ '2.0.1' ],
326 silly audit   'micromark-factory-label': [ '2.0.1' ],
326 silly audit   'micromark-factory-mdx-expression': [ '2.0.3' ],
326 silly audit   'micromark-factory-space': [ '2.0.1' ],
326 silly audit   'micromark-factory-title': [ '2.0.1' ],
326 silly audit   'micromark-factory-whitespace': [ '2.0.1' ],
326 silly audit   'micromark-util-character': [ '2.1.1' ],
326 silly audit   'micromark-util-chunked': [ '2.0.1' ],
326 silly audit   'micromark-util-classify-character': [ '2.0.1' ],
326 silly audit   'micromark-util-combine-extensions': [ '2.0.1' ],
326 silly audit   'micromark-util-decode-numeric-character-reference': [ '2.0.2' ],
326 silly audit   'micromark-util-decode-string': [ '2.0.1' ],
326 silly audit   'micromark-util-encode': [ '2.0.1' ],
326 silly audit   'micromark-util-events-to-acorn': [ '2.0.3' ],
326 silly audit   'micromark-util-html-tag-name': [ '2.0.1' ],
326 silly audit   'micromark-util-normalize-identifier': [ '2.0.1' ],
326 silly audit   'micromark-util-resolve-all': [ '2.0.1' ],
326 silly audit   'micromark-util-sanitize-uri': [ '2.0.1' ],
326 silly audit   'micromark-util-subtokenize': [ '2.1.0' ],
326 silly audit   'micromark-util-symbol': [ '2.0.1' ],
326 silly audit   'micromark-util-types': [ '2.0.2' ],
326 silly audit   mrmime: [ '2.0.1' ],
326 silly audit   ms: [ '2.1.3' ],
326 silly audit   nanoid: [ '3.3.18' ],
326 silly audit   neotraverse: [ '1.0.1' ],
326 silly audit   'nlcst-to-string': [ '4.0.0' ],
326 silly audit   'node-fetch-native': [ '1.6.7' ],
326 silly audit   'node-mock-http': [ '1.0.5' ],
326 silly audit   'node-releases': [ '2.0.53' ],
326 silly audit   'normalize-path': [ '3.0.0' ],
326 silly audit   'nth-check': [ '2.1.1' ],
326 silly audit   obug: [ '2.1.4' ],
326 silly audit   ofetch: [ '1.5.1' ],
326 silly audit   ohash: [ '2.0.11' ],
326 silly audit   'oniguruma-parser': [ '0.12.2' ],
326 silly audit   'oniguruma-to-es': [ '4.3.6' ],
326 silly audit   'p-limit': [ '7.3.1' ],
326 silly audit   'p-queue': [ '9.3.3' ],
326 silly audit   'p-timeout': [ '7.0.1' ],
326 silly audit   'package-manager-detector': [ '1.8.0' ],
326 silly audit   'parse-entities': [ '4.0.2' ],
326 silly audit   'parse-latin': [ '7.0.0' ],
326 silly audit   parse5: [ '7.3.0' ],
326 silly audit   'path-expression-matcher': [ '1.6.2' ],
326 silly audit   piccolore: [ '0.1.3' ],
326 silly audit   picocolors: [ '1.1.1' ],
326 silly audit   postcss: [ '8.5.26' ],
326 silly audit   prismjs: [ '1.30.0' ],
326 silly audit   'process-ancestry': [ '0.1.0' ],
326 silly audit   'property-information': [ '7.2.0' ],
326 silly audit   radix3: [ '1.1.2' ],
326 silly audit   react: [ '19.2.8' ],
326 silly audit   'react-dom': [ '19.2.8' ],
326 silly audit   'react-refresh': [ '0.18.0' ],
326 silly audit   readdirp: [ '5.1.1' ],
326 silly audit   'recma-build-jsx': [ '1.0.0' ],
326 silly audit   'recma-jsx': [ '1.0.1' ],
326 silly audit   'recma-parse': [ '1.0.0' ],
326 silly audit   'recma-stringify': [ '1.0.0' ],
326 silly audit   regex: [ '6.1.0' ],
326 silly audit   'regex-recursion': [ '6.0.2' ],
326 silly audit   'regex-utilities': [ '2.3.0' ],
326 silly audit   'rehype-raw': [ '7.0.0' ],
326 silly audit   'rehype-recma': [ '1.0.0' ],
326 silly audit   'rehype-stringify': [ '10.0.1' ],
326 silly audit   'remark-gfm': [ '4.0.1' ],
326 silly audit   'remark-mdx': [ '3.1.1' ],
326 silly audit   'remark-parse': [ '11.0.0' ],
326 silly audit   'remark-rehype': [ '11.1.2' ],
326 silly audit   'remark-smartypants': [ '3.0.3' ],
326 silly audit   'remark-stringify': [ '11.0.0' ],
326 silly audit   'resolve-pkg-maps': [ '1.0.0' ],
326 silly audit   retext: [ '9.0.0' ],
326 silly audit   'retext-latin': [ '4.0.0' ],
326 silly audit   'retext-smartypants': [ '6.2.0' ],
326 silly audit   'retext-stringify': [ '4.0.0' ],
326 silly audit   rolldown: [ '1.2.4' ],
326 silly audit   satteri: [ '0.9.5' ],
326 silly audit   sax: [ '1.6.1' ],
326 silly audit   scheduler: [ '0.27.0' ],
326 silly audit   sharp: [ '0.35.3' ],
326 silly audit   shiki: [ '4.4.3' ],
326 silly audit   sisteransi: [ '1.0.5' ],
326 silly audit   sitemap: [ '9.0.1' ],
326 silly audit   'smol-toml': [ '1.8.0' ],
326 silly audit   'source-map': [ '0.7.6' ],
326 silly audit   'source-map-js': [ '1.2.1' ],
326 silly audit   'space-separated-tokens': [ '2.0.2' ],
326 silly audit   'stream-replace-string': [ '2.0.0' ],
326 silly audit   'stringify-entities': [ '4.0.4' ],
326 silly audit   strnum: [ '2.4.1' ],
326 silly audit   'style-to-js': [ '1.1.21' ],
326 silly audit   'style-to-object': [ '1.0.14' ],
326 silly audit   svgo: [ '4.0.2' ],
326 silly audit   'tiny-inflate': [ '1.0.3' ],
326 silly audit   tinyclip: [ '0.1.15' ],
326 silly audit   tinyexec: [ '1.3.0' ],
326 silly audit   tinyglobby: [ '0.2.17' ],
326 silly audit   'trim-lines': [ '3.0.1' ],
326 silly audit   trough: [ '2.2.0' ],
326 silly audit   tslib: [ '2.8.1' ],
326 silly audit   ufo: [ '1.6.4' ],
326 silly audit   ultrahtml: [ '1.7.0' ],
326 silly audit   uncrypto: [ '0.1.3' ],
326 silly audit   undici: [ '8.10.0' ],
326 silly audit   'undici-types': [ '7.18.2' ],
326 silly audit   unified: [ '11.0.5' ],
326 silly audit   unifont: [ '0.7.5' ],
326 silly audit   'unist-util-find-after': [ '5.0.0' ],
326 silly audit   'unist-util-is': [ '6.0.1' ],
326 silly audit   'unist-util-modify-children': [ '4.0.0' ],
326 silly audit   'unist-util-position': [ '5.0.0' ],
326 silly audit   'unist-util-position-from-estree': [ '2.0.0' ],
326 silly audit   'unist-util-remove-position': [ '5.0.0' ],
326 silly audit   'unist-util-stringify-position': [ '4.0.0' ],
326 silly audit   'unist-util-visit': [ '5.1.0' ],
326 silly audit   'unist-util-visit-children': [ '3.0.0' ],
326 silly audit   'unist-util-visit-parents': [ '6.0.2' ],
326 silly audit   unstorage: [ '1.17.5' ],
326 silly audit   'update-browserslist-db': [ '1.3.1' ],
326 silly audit   vfile: [ '6.0.3' ],
326 silly audit   'vfile-location': [ '5.0.3' ],
326 silly audit   'vfile-message': [ '4.0.3' ],
326 silly audit   vite: [ '8.2.1' ],
326 silly audit   vitefu: [ '1.1.3' ],
326 silly audit   'web-namespaces': [ '2.0.1' ],
326 silly audit   'xml-naming': [ '0.3.0' ],
326 silly audit   'xxhash-wasm': [ '1.1.0' ],
326 silly audit   yallist: [ '3.1.1' ],
326 silly audit   'yargs-parser': [ '22.0.0' ],
326 silly audit   'yocto-queue': [ '1.2.2' ],
326 silly audit   zod: [ '4.4.3' ],
326 silly audit   zwitch: [ '2.0.4' ],
326 silly audit   '@tailwindcss/vite': [ '4.3.3' ],
326 silly audit   daisyui: [ '5.7.16' ],
326 silly audit   tailwindcss: [ '4.3.3' ],
326 silly audit   '@tailwindcss/node': [ '4.3.3' ],
326 silly audit   '@tailwindcss/oxide': [ '4.3.3' ],
326 silly audit   'enhanced-resolve': [ '5.24.5' ],
326 silly audit   jiti: [ '2.7.0' ],
326 silly audit   '@tailwindcss/oxide-android-arm64': [ '4.3.3' ],
326 silly audit   '@tailwindcss/oxide-darwin-arm64': [ '4.3.3' ],
326 silly audit   '@tailwindcss/oxide-darwin-x64': [ '4.3.3' ],
326 silly audit   '@tailwindcss/oxide-freebsd-x64': [ '4.3.3' ],
326 silly audit   '@tailwindcss/oxide-linux-arm-gnueabihf': [ '4.3.3' ],
326 silly audit   '@tailwindcss/oxide-linux-arm64-gnu': [ '4.3.3' ],
326 silly audit   '@tailwindcss/oxide-linux-arm64-musl': [ '4.3.3' ],
326 silly audit   '@tailwindcss/oxide-linux-x64-gnu': [ '4.3.3' ],
326 silly audit   '@tailwindcss/oxide-linux-x64-musl': [ '4.3.3' ],
326 silly audit   '@tailwindcss/oxide-wasm32-wasi': [ '4.3.3' ],
326 silly audit   '@tailwindcss/oxide-win32-arm64-msvc': [ '4.3.3' ],
326 silly audit   '@tailwindcss/oxide-win32-x64-msvc': [ '4.3.3' ],
326 silly audit   'graceful-fs': [ '4.2.11' ],
326 silly audit   tapable: [ '2.3.3' ]
326 silly audit }
327 http cache tapable@https://registry.npmjs.org/tapable/-/tapable-2.3.3.tgz 0ms (cache hit)
328 http cache jiti@https://registry.npmjs.org/jiti/-/jiti-2.7.0.tgz 0ms (cache hit)
329 http cache graceful-fs@https://registry.npmjs.org/graceful-fs/-/graceful-fs-4.2.11.tgz 0ms (cache hit)
330 http cache @tailwindcss/oxide@https://registry.npmjs.org/@tailwindcss/oxide/-/oxide-4.3.3.tgz 0ms (cache hit)
331 http cache enhanced-resolve@https://registry.npmjs.org/enhanced-resolve/-/enhanced-resolve-5.24.5.tgz 0ms (cache hit)
332 http cache daisyui@https://registry.npmjs.org/daisyui/-/daisyui-5.7.16.tgz 0ms (cache hit)
333 http cache tailwindcss@https://registry.npmjs.org/tailwindcss/-/tailwindcss-4.3.3.tgz 0ms (cache hit)
334 http cache @tailwindcss/node@https://registry.npmjs.org/@tailwindcss/node/-/node-4.3.3.tgz 0ms (cache hit)
335 http cache @tailwindcss/vite@https://registry.npmjs.org/@tailwindcss/vite/-/vite-4.3.3.tgz 0ms (cache hit)
336 http cache lightningcss-darwin-arm64@https://registry.npmjs.org/lightningcss-darwin-arm64/-/lightningcss-darwin-arm64-1.32.0.tgz 0ms (cache hit)
337 http cache magic-string@https://registry.npmjs.org/magic-string/-/magic-string-0.30.21.tgz 0ms (cache hit)
338 http cache lightningcss@https://registry.npmjs.org/lightningcss/-/lightningcss-1.32.0.tgz 0ms (cache hit)
339 http cache @tailwindcss/oxide-darwin-arm64@https://registry.npmjs.org/@tailwindcss/oxide-darwin-arm64/-/oxide-darwin-arm64-4.3.3.tgz 0ms (cache hit)
340 silly tarball no local data for tapable@https://registry.npmjs.org/tapable/-/tapable-2.3.3.tgz. Extracting by manifest.
341 silly tarball no local data for jiti@https://registry.npmjs.org/jiti/-/jiti-2.7.0.tgz. Extracting by manifest.
342 silly tarball no local data for graceful-fs@https://registry.npmjs.org/graceful-fs/-/graceful-fs-4.2.11.tgz. Extracting by manifest.
343 silly tarball no local data for @tailwindcss/oxide@https://registry.npmjs.org/@tailwindcss/oxide/-/oxide-4.3.3.tgz. Extracting by manifest.
344 silly tarball no local data for enhanced-resolve@https://registry.npmjs.org/enhanced-resolve/-/enhanced-resolve-5.24.5.tgz. Extracting by manifest.
345 silly tarball no local data for daisyui@https://registry.npmjs.org/daisyui/-/daisyui-5.7.16.tgz. Extracting by manifest.
346 silly tarball no local data for tailwindcss@https://registry.npmjs.org/tailwindcss/-/tailwindcss-4.3.3.tgz. Extracting by manifest.
347 silly tarball no local data for @tailwindcss/node@https://registry.npmjs.org/@tailwindcss/node/-/node-4.3.3.tgz. Extracting by manifest.
348 silly tarball no local data for @tailwindcss/vite@https://registry.npmjs.org/@tailwindcss/vite/-/vite-4.3.3.tgz. Extracting by manifest.
349 silly tarball no local data for lightningcss-darwin-arm64@https://registry.npmjs.org/lightningcss-darwin-arm64/-/lightningcss-darwin-arm64-1.32.0.tgz. Extracting by manifest.
350 silly tarball no local data for magic-string@https://registry.npmjs.org/magic-string/-/magic-string-0.30.21.tgz. Extracting by manifest.
351 silly tarball no local data for lightningcss@https://registry.npmjs.org/lightningcss/-/lightningcss-1.32.0.tgz. Extracting by manifest.
352 silly tarball no local data for @tailwindcss/oxide-darwin-arm64@https://registry.npmjs.org/@tailwindcss/oxide-darwin-arm64/-/oxide-darwin-arm64-4.3.3.tgz. Extracting by manifest.
353 http fetch GET 200 https://registry.npmjs.org/graceful-fs/-/graceful-fs-4.2.11.tgz 182ms (cache miss)
354 http fetch GET 200 https://registry.npmjs.org/@tailwindcss/oxide/-/oxide-4.3.3.tgz 206ms (cache miss)
355 http fetch GET 200 https://registry.npmjs.org/tapable/-/tapable-2.3.3.tgz 211ms (cache miss)
356 http fetch GET 200 https://registry.npmjs.org/enhanced-resolve/-/enhanced-resolve-5.24.5.tgz 231ms (cache miss)
357 http fetch POST 200 https://registry.npmjs.org/-/npm/v1/security/advisories/bulk 393ms
358 silly audit report {}
359 http fetch GET 200 https://registry.npmjs.org/jiti/-/jiti-2.7.0.tgz 436ms (cache miss)
360 http fetch GET 200 https://registry.npmjs.org/@tailwindcss/vite/-/vite-4.3.3.tgz 449ms (cache miss)
361 http fetch GET 200 https://registry.npmjs.org/daisyui/-/daisyui-5.7.16.tgz 453ms (cache miss)
362 http fetch GET 200 https://registry.npmjs.org/@tailwindcss/node/-/node-4.3.3.tgz 469ms (cache miss)
363 http fetch GET 200 https://registry.npmjs.org/tailwindcss/-/tailwindcss-4.3.3.tgz 792ms (cache miss)
364 http fetch GET 200 https://registry.npmjs.org/magic-string/-/magic-string-0.30.21.tgz 880ms (cache miss)
365 http fetch GET 200 https://registry.npmjs.org/lightningcss/-/lightningcss-1.32.0.tgz 1189ms (cache miss)
366 http fetch GET 200 https://registry.npmjs.org/@tailwindcss/oxide-darwin-arm64/-/oxide-darwin-arm64-4.3.3.tgz 1322ms (cache miss)
367 http fetch GET 200 https://registry.npmjs.org/lightningcss-darwin-arm64/-/lightningcss-darwin-arm64-1.32.0.tgz 2799ms (cache miss)
368 silly ADD node_modules/tapable
369 silly ADD node_modules/graceful-fs
370 silly ADD node_modules/@tailwindcss/oxide-darwin-arm64
371 silly ADD node_modules/jiti
372 silly ADD node_modules/enhanced-resolve
373 silly ADD node_modules/@tailwindcss/oxide
374 silly ADD node_modules/@tailwindcss/node
375 silly ADD node_modules/@tailwindcss/node/node_modules/lightningcss-darwin-arm64
376 silly ADD node_modules/@tailwindcss/node/node_modules/magic-string
377 silly ADD node_modules/@tailwindcss/node/node_modules/lightningcss
378 silly ADD node_modules/tailwindcss
379 silly ADD node_modules/daisyui
380 silly ADD node_modules/@tailwindcss/vite
381 warn allow-scripts 2 packages have install scripts not yet covered by allowScripts:
381 warn allow-scripts   esbuild@0.28.2 (install: (install scripts present))
381 warn allow-scripts   fsevents@2.3.3 (install: (install scripts present))
381 warn allow-scripts
381 warn allow-scripts Run `npm approve-scripts --allow-scripts-pending` to review, or `npm approve-scripts <pkg>` to allow.
382 verbose cwd /Users/leandrosimoes/Work/personal/blog/astro
383 verbose os Darwin 25.5.0
384 verbose node v24.18.0
385 verbose npm  v11.16.0
386 verbose exit 0
387 info ok
